src/pages/admin/tabs/AdminTracking.tsx(267,31): error TS6133: 'd' is declared but its value is never read.
src/pages/projects/ProjectDetailPage.tsx(638,43): error TS2339: Property 'avatarUrl' does not exist on type '{ id: string; email: string; firstName: string; lastName: string; }'.
src/pages/projects/ProjectDetailPage.tsx(639,55): error TS2339: Property 'avatarUrl' does not exist on type '{ id: string; email: string; firstName: string; lastName: string; }'.
src/pages/tasks/AssignedToMePage.tsx(626,15): error TS2322: Type '{ hidden: { y: number; opacity: number; scale: number; }; show: { y: number; opacity: number; scale: number; transition: { type: string; stiffness: number; damping: number; }; }; }' is not assignable to type 'Variants'.
  Property 'show' is incompatible with index signature.
    Type '{ y: number; opacity: number; scale: number; transition: { type: string; stiffness: number; damping: number; }; }' is not assignable to type 'Variant'.
      Type '{ y: number; opacity: number; scale: number; transition: { type: string; stiffness: number; damping: number; }; }' is not assignable to type 'TargetAndTransition'.
        Type '{ y: number; opacity: number; scale: number; transition: { type: string; stiffness: number; damping: number; }; }' is not assignable to type '{ transition?: Transition<any> | undefined; transitionEnd?: ResolvedValues$1 | undefined; }'.
          Types of property 'transition' are incompatible.
            Type '{ type: string; stiffness: number; damping: number; }' is not assignable to type 'Transition<any> | undefined'.
              Type '{ type: string; stiffness: number; damping: number; }' is not assignable to type 'TransitionWithValueOverrides<any>'.
                Type '{ type: string; stiffness: number; damping: number; }' is not assignable to type 'ValueAnimationTransition<any>'.
                  Types of property 'type' are incompatible.
                    Type 'string' is not assignable to type 'AnimationGeneratorType | undefined'.
src/pages/tasks/TaskDetailPage.tsx(571,40): error TS2339: Property 'avatarUrl' does not exist on type '{ id: string; email: string; firstName: string; lastName: string; }'.
src/pages/tasks/TaskDetailPage.tsx(572,51): error TS2339: Property 'avatarUrl' does not exist on type '{ id: string; email: string; firstName: string; lastName: string; }'.
src/pages/tasks/TaskDetailPage.tsx(599,30): error TS2339: Property 'avatarUrl' does not exist on type '{ id: string; email: string; firstName: string; lastName: string; }'.
src/pages/tasks/TaskDetailPage.tsx(600,41): error TS2339: Property 'avatarUrl' does not exist on type '{ id: string; email: string; firstName: string; lastName: string; }'.
src/pages/tasks/TeamAssignedPage.tsx(473,17): error TS2322: Type '{ hidden: { opacity: number; scale: number; y: number; }; show: { opacity: number; scale: number; y: number; transition: { type: string; stiffness: number; damping: number; }; }; }' is not assignable to type 'Variants'.
  Property 'show' is incompatible with index signature.
    Type '{ opacity: number; scale: number; y: number; transition: { type: string; stiffness: number; damping: number; }; }' is not assignable to type 'Variant'.
      Type '{ opacity: number; scale: number; y: number; transition: { type: string; stiffness: number; damping: number; }; }' is not assignable to type 'TargetAndTransition'.
        Type '{ opacity: number; scale: number; y: number; transition: { type: string; stiffness: number; damping: number; }; }' is not assignable to type '{ transition?: Transition<any> | undefined; transitionEnd?: ResolvedValues$1 | undefined; }'.
          Types of property 'transition' are incompatible.
            Type '{ type: string; stiffness: number; damping: number; }' is not assignable to type 'Transition<any> | undefined'.
              Type '{ type: string; stiffness: number; damping: number; }' is not assignable to type 'TransitionWithValueOverrides<any>'.
                Type '{ type: string; stiffness: number; damping: number; }' is not assignable to type 'ValueAnimationTransition<any>'.
                  Types of property 'type' are incompatible.
                    Type 'string' is not assignable to type 'AnimationGeneratorType | undefined'.
src/pages/tasks/TeamAssignedPage.tsx(815,51): error TS2322: Type '{ hidden: { y: number; opacity: number; }; show: { y: number; opacity: number; transition: { type: string; stiffness: number; damping: number; }; }; }' is not assignable to type 'Variants'.
  Property 'show' is incompatible with index signature.
    Type '{ y: number; opacity: number; transition: { type: string; stiffness: number; damping: number; }; }' is not assignable to type 'Variant'.
      Type '{ y: number; opacity: number; transition: { type: string; stiffness: number; damping: number; }; }' is not assignable to type 'TargetAndTransition'.
        Type '{ y: number; opacity: number; transition: { type: string; stiffness: number; damping: number; }; }' is not assignable to type '{ transition?: Transition<any> | undefined; transitionEnd?: ResolvedValues$1 | undefined; }'.
          Types of property 'transition' are incompatible.
            Type '{ type: string; stiffness: number; damping: number; }' is not assignable to type 'Transition<any> | undefined'.
              Type '{ type: string; stiffness: number; damping: number; }' is not assignable to type 'TransitionWithValueOverrides<any>'.
                Type '{ type: string; stiffness: number; damping: number; }' is not assignable to type 'ValueAnimationTransition<any>'.
                  Types of property 'type' are incompatible.
                    Type 'string' is not assignable to type 'AnimationGeneratorType | undefined'.
